[apopostars.com/index.html]
[backblue.gif]
[fade.gif]
[index.html]
[apopostars.com/et-line/style.css]
[apopostars.com/themify-icons.css]
[cdnjs.cloudflare.com/ajax/libs/prettyPhoto/3.1.6/css/prettyPhoto.min.css]
[stackpath.bootstrapcdn.com/font-awesome/4.7.0/css/font-awesome.min.css]
[stackpath.bootstrapcdn.com/bootstrap/4.5.2/css/bootstrap.min.css]
[megaone.acrothemes.com/vendor/css/cubeportfolio.min.css]
[cdnjs.cloudflare.com/ajax/libs/animate.css/3.7.2/animate.min.css]
[apopostars.com/style.css]
[apopostars.com/log.png]
[apopostars.com/img/9.png]
[apopostars.com/about-me.jpg.png]
[apopostars.com/img/1.png]
[apopostars.com/img/2.png]
[apopostars.com/img/3.png]
[apopostars.com/img/4.png]
[apopostars.com/img/5.png]
[apopostars.com/img/6.png]
[apopostars.com/img/7.png]
[apopostars.com/img/8.png]
[apopostars.com/img/10.png]
[apopostars.com/img/11.png]
[apopostars.com/img/12.png]
[apopostars.com/img/13.png]
[apopostars.com/img/14.png]
[apopostars.com/img/15.png]
[apopostars.com/img/18.png]
[apopostars.com/img/17.png]
[apopostars.com/img/16.png]
[apopostars.com/img/19.png]
[apopostars.com/img/20.png]
[apopostars.com/img/21.png]
[apopostars.com/img/22.png]
[apopostars.com/img/23.png]
[apopostars.com/img/24.png]
[apopostars.com/1.png]
[apopostars.com/2.png]
[apopostars.com/3.png]
[apopostars.com/4.png]
[apopostars.com/5.png]
[apopostars.com/6.png]
[apopostars.com/7.png]
[apopostars.com/8.png]
[apopostars.com/9.png]
[apopostars.com/work-1.jpg]
[apopostars.com/one1.png]
[apopostars.com/two2.png]
[apopostars.com/po.jpg]
[apopostars.com/six.png]
[apopostars.com/gul.png]
[apopostars.com/ro.jpg]
[apopostars.com/go.jpg]
[apopostars.com/four.png]
[apopostars.com/for.png]
[code.jquery.com/jquery-3.5.1.js]
[apopostars.com/scrolltosmooth.pkgd.min.js]
[apopostars.com/wow.min.js]
[apopostars.com/jquery.waypoints.min.js]
[apopostars.com/circle-progress.js]
[apopostars.com/jquery.cubeportfolio.min.js]
[apopostars.com/jquery.prettyPhoto.js]
[cdnjs.cloudflare.com/ajax/libs/jquery-migrate/3.0.0/jquery-migrate.min.js]
[apopostars.com/modernizr.custom.63321.js]
[apopostars.com/index.html]
[apopostars.com/jquery.stapel.js]
[apopostars.com/et-line/fonts/et-line.eot]
[apopostars.com/et-line/fonts/et-lined41dd41d.eot]
[apopostars.com/et-line/fonts/et-line.woff]
[apopostars.com/et-line/fonts/et-line.ttf]
[apopostars.com/et-line/style.css]
[apopostars.com/et-line/fonts/et-line.svg]
[apopostars.com/themify-icons.css]
[cdnjs.cloudflare.com/ajax/libs/prettyPhoto/3.1.6/images/prettyPhoto/default/sprite.png]
[cdnjs.cloudflare.com/ajax/libs/prettyPhoto/3.1.6/images/prettyPhoto/default/sprite_x.png]
[cdnjs.cloudflare.com/ajax/libs/prettyPhoto/3.1.6/images/prettyPhoto/default/sprite_y.png]
[cdnjs.cloudflare.com/ajax/libs/prettyPhoto/3.1.6/images/prettyPhoto/default/sprite_next.png]
[cdnjs.cloudflare.com/ajax/libs/prettyPhoto/3.1.6/images/prettyPhoto/default/sprite_prev.png]
[cdnjs.cloudflare.com/ajax/libs/prettyPhoto/3.1.6/images/prettyPhoto/default/default_thumb.png]
[cdnjs.cloudflare.com/ajax/libs/prettyPhoto/3.1.6/images/prettyPhoto/default/loader.gif]
[cdnjs.cloudflare.com/ajax/libs/prettyPhoto/3.1.6/images/prettyPhoto/light_rounded/sprite.png]
[cdnjs.cloudflare.com/ajax/libs/prettyPhoto/3.1.6/images/prettyPhoto/light_rounded/btnNext.png]
[cdnjs.cloudflare.com/ajax/libs/prettyPhoto/3.1.6/images/prettyPhoto/light_rounded/btnPrevious.png]
[cdnjs.cloudflare.com/ajax/libs/prettyPhoto/3.1.6/images/prettyPhoto/light_rounded/loader.gif]
[cdnjs.cloudflare.com/ajax/libs/prettyPhoto/3.1.6/images/prettyPhoto/dark_rounded/sprite.png]
[cdnjs.cloudflare.com/ajax/libs/prettyPhoto/3.1.6/images/prettyPhoto/dark_rounded/contentPattern.png]
[cdnjs.cloudflare.com/ajax/libs/prettyPhoto/3.1.6/images/prettyPhoto/dark_rounded/btnNext.png]
[cdnjs.cloudflare.com/ajax/libs/prettyPhoto/3.1.6/images/prettyPhoto/dark_rounded/btnPrevious.png]
[cdnjs.cloudflare.com/ajax/libs/prettyPhoto/3.1.6/images/prettyPhoto/dark_rounded/loader.gif]
[cdnjs.cloudflare.com/ajax/libs/prettyPhoto/3.1.6/images/prettyPhoto/dark_square/loader.gif]
[cdnjs.cloudflare.com/ajax/libs/prettyPhoto/3.1.6/images/prettyPhoto/dark_square/sprite.png]
[cdnjs.cloudflare.com/ajax/libs/prettyPhoto/3.1.6/images/prettyPhoto/dark_square/btnNext.png]
[cdnjs.cloudflare.com/ajax/libs/prettyPhoto/3.1.6/images/prettyPhoto/dark_square/btnPrevious.png]
[cdnjs.cloudflare.com/ajax/libs/prettyPhoto/3.1.6/images/prettyPhoto/light_square/sprite.png]
[cdnjs.cloudflare.com/ajax/libs/prettyPhoto/3.1.6/images/prettyPhoto/light_square/btnNext.png]
[cdnjs.cloudflare.com/ajax/libs/prettyPhoto/3.1.6/images/prettyPhoto/light_square/btnPrevious.png]
[cdnjs.cloudflare.com/ajax/libs/prettyPhoto/3.1.6/images/prettyPhoto/facebook/sprite.png]
[cdnjs.cloudflare.com/ajax/libs/prettyPhoto/3.1.6/images/prettyPhoto/facebook/contentPatternTop.png]
[cdnjs.cloudflare.com/ajax/libs/prettyPhoto/3.1.6/images/prettyPhoto/facebook/contentPatternLeft.png]
[cdnjs.cloudflare.com/ajax/libs/prettyPhoto/3.1.6/images/prettyPhoto/facebook/contentPatternRight.png]
[cdnjs.cloudflare.com/ajax/libs/prettyPhoto/3.1.6/images/prettyPhoto/facebook/loader.gif]
[cdnjs.cloudflare.com/ajax/libs/prettyPhoto/3.1.6/images/prettyPhoto/facebook/btnNext.png]
[cdnjs.cloudflare.com/ajax/libs/prettyPhoto/3.1.6/images/prettyPhoto/facebook/btnPrevious.png]
[cdnjs.cloudflare.com/ajax/libs/prettyPhoto/3.1.6/images/prettyPhoto/facebook/contentPatternBottom.png]
[cdnjs.cloudflare.com/ajax/libs/prettyPhoto/3.1.6/images/prettyPhoto/facebook/default_thumbnail.gif]
[cdnjs.cloudflare.com/ajax/libs/prettyPhoto/3.1.6/css/prettyPhoto.min.css]
[stackpath.bootstrapcdn.com/font-awesome/4.7.0/css/font-awesome.min.css]
[stackpath.bootstrapcdn.com/bootstrap/4.5.2/css/bootstrap.min.css]
[megaone.acrothemes.com/vendor/img/cbp-sprite.png]
[megaone.acrothemes.com/vendor/css/cubeportfolio.min.css]
[cdnjs.cloudflare.com/ajax/libs/animate.css/3.7.2/animate.min.css]
[apopostars.com/ok.gif]
[apopostars.com/border.png]
[apopostars.com/style.css]
[apopostars.com/et-line/fonts/et-line.svg]
[apopostars.com/fonts/themify9f249f24.html]
[apopostars.com/fonts/themifyd41dd41d.html]
[apopostars.com/fonts/themify9f249f24-2.html]
[apopostars.com/fonts/themify9f249f24-3.html]
[apopostars.com/fonts/themify9f249f24-4.html]
